<testsuites id="" name="" tests="1" failures="0" skipped="0" errors="0" time="11.798804">
<testsuite name="opencart\guest-checkout.spec.ts" timestamp="2026-05-08T17:46:57.659Z" hostname="chromium" tests="1" failures="0" skipped="0" time="10.029" errors="0">
<testcase name="OpenCart Guest Checkout - End to End › E2E: Completa el flujo de checkout como invitado hasta confirmación de orden" classname="opencart\guest-checkout.spec.ts" time="10.029">
<system-out>
<![CDATA[URL actual: http://opencart.abstracta.us/
Título de página: Your Store
Haciendo clic en Checkout...
Esperando página de checkout...
Página de checkout cargada, URL actual: https://opencart.abstracta.us/index.php?route=checkout/checkout

[[ATTACHMENT|..\test-results\opencart-guest-checkout-Op-ee465-hasta-confirmación-de-orden-chromium\test-finished-1.png]]

[[ATTACHMENT|..\test-results\opencart-guest-checkout-Op-ee465-hasta-confirmación-de-orden-chromium\video.webm]]

[[ATTACHMENT|..\test-results\opencart-guest-checkout-Op-ee465-hasta-confirmación-de-orden-chromium\trace.zip]]
]]>
</system-out>
</testcase>
</testsuite>
</testsuites>